FILE_TYPE=LIBRARY_PARTS;
PRIMITIVE 'SKRKAHE020','SKRKAHE020_Other';
  PIN
    '1':
      PIN_NUMBER='(1)';
      NO_LOAD_CHECK=BOTH;
      NO_IO_CHECK=BOTH;
      ALLOW_CONNECT=TRUE;
      PINUSE='UNSPEC';
    '2':
      PIN_NUMBER='(2)';
      NO_LOAD_CHECK=BOTH;
      NO_IO_CHECK=BOTH;
      ALLOW_CONNECT=TRUE;
      PINUSE='UNSPEC';
  END_PIN;
  BODY
    PART_NAME='SKRKAHE020';
    PHYS_DES_PREFIX='S';
    NO_LOAD_CHECK='TRUE';
    PIN_COUNT='2';
    BODY_NAME='SKRKAHE020';
    JEDEC_TYPE='SKRKAEE020';
  END_BODY;
END_PRIMITIVE;
END.
